== Projekt nominalny iteracji 25 (L = 0,85 mm, krok 0,110°) — wspólny obszar w funkcji progów ==
(obliczenia 54 s; siatka 512² i kontrola 1024²)
moc w stożku 1° (warunek 1, ≥ 0,10): 0.553 / 0.497 / 0.477 / 0.453 / 0.432; maks. moc w źrenicy: 0.509 / 0.457 / 0.437 / 0.415 / 0.395
Uzgodnienie z iteracją 25 (tam: na warstwę 208 / 164 / 102 / 62 / 30, razem 208 / 328 / 306 / 248 / 150; 1024², rel 0,5, kontrast 0,5 tylko w x przy Δy = 0, bez warunku w y, skok 500 µm). Liczby niżej: woksli NA WARSTWĘ / RAZEM.
  1024², kryteria iteracji 25: N = 1…5 → 208/208 | 164/328 | 102/306 | 62/248 | 30/150
  1024², kryteria pełne: kontrast x interpolowany w Δy, kontrast y: N = 1…5 → 153/153 | 108/216 | 64/192 | 29/116 | 0/0
  512², kryteria iteracji 25: N = 1…5 → 210/210 | 166/332 | 122/366 | 62/248 | 30/150
  512², kryteria pełne: kontrast x interpolowany w Δy, kontrast y: N = 1…5 → 164/164 | 118/236 | 70/210 | 31/124 | 0/0

N = 5: woksle NA WARSTWĘ (kolumny × wiersze; skok) dla progów mocy (wiersze) i kontrastu (kolumny), skok optymalizowany:
  próg mocy | kontrast ≥ 0.15 | kontrast ≥ 0.3 | kontrast ≥ 0.5
  rel 0.2 | 64 (2×48; 700 µm) | 39 (1×39; 500 µm) | 0
  rel 0.3 | 56 (2×41; 700 µm) | 39 (1×39; 500 µm) | 0
  rel 0.5 | 42 (2×30; 550 µm) | 30 (1×30; 500 µm) | 0
  rel 0.8 | 11 (1×11; 400 µm) | 11 (1×11; 450 µm) | 0
  abs 0.05 | 70 (2×55; 700 µm) | 39 (1×39; 500 µm) | 0
  abs 0.1 | 59 (2×46; 700 µm) | 39 (1×39; 500 µm) | 0
  abs 0.2 | 48 (2×32; 550 µm) | 31 (1×31; 450 µm) | 0
  abs 0.3 | 19 (1×19; 400 µm) | 19 (1×19; 450 µm) | 0

N = 1…5 przy rel 0,5 i kontraście 0,5 — stały skok 500 µm / optymalizowany (woksli na warstwę; razem = ×N):
  stały 500 µm: N=1: 164 (5×40, skok 500 µm, warstwy [0]); N=2: 118 (4×40, skok 500 µm, warstwy [1, 2]); N=3: 70 (3×37, skok 500 µm, warstwy [0, 1, 2]); N=4: 31 (2×31, skok 500 µm, warstwy [0, 1, 2, 3]); N=5: 0 (0×0, skok 500 µm, warstwy [0, 1, 2, 3, 4])
  optymalizowany: N=1: 201 (6×40, skok 400 µm, warstwy [0]); N=2: 128 (4×39, skok 450 µm, warstwy [0, 1]); N=3: 79 (3×37, skok 450 µm, warstwy [0, 1, 2]); N=4: 31 (2×31, skok 500 µm, warstwy [0, 1, 2, 3]); N=5: 0 (0×0, skok 0 µm, warstwy [0, 1, 2, 3, 4])

Łatki widoczności (oko w x = 0; rel 0,5; kontrast 0,5; skok 500 µm) we współrzędnych woksla wyświetlanego x_d:
  k=0: x_d ∈ [+0.05, +2.32] mm (szer. 2.27); X_k = -1.152 mm, D·tan o_k = -1.152 mm (różnica +0 µm), przesunięcie odbicia s_k = +120 µm
  k=1: x_d ∈ [-0.52, +1.76] mm (szer. 2.27); X_k = -0.578 mm, D·tan o_k = -0.576 mm (różnica -2 µm), przesunięcie odbicia s_k = +146 µm
  k=2: x_d ∈ [-1.08, +1.17] mm (szer. 2.25); X_k = +0.000 mm, D·tan o_k = +0.000 mm (różnica +0 µm), przesunięcie odbicia s_k = +161 µm
  k=3: x_d ∈ [-1.64, +0.61] mm (szer. 2.25); X_k = +0.583 mm, D·tan o_k = +0.576 mm (różnica +7 µm), przesunięcie odbicia s_k = +174 µm
  k=4: x_d ∈ [-2.25, -0.02] mm (szer. 2.23); X_k = +1.171 mm, D·tan o_k = +1.152 mm (różnica +19 µm), przesunięcie odbicia s_k = +185 µm
== Optymalizacja kierunków wyjść (pełny potok, wariant C, siatka 512²), kryteria na całym stosie ==
Kryteria: K1 (pierwotny warunek 1) — każdy kanał ≥ 0,10 mocy wejściowej w stożku 1°; obraz — moc w źrenicy ≥ próg (rel: ułamek maksimum warstwy, abs: ułamek mocy sondy), kontrast par x i y ≥ C, zniekształcenie ≤ skok/4. Brak progu 0,95 dla pojedynczego portu.
L = 0.85 mm, krok 0.000° (13 s): K1 NIE (stożek: 0.551 / 0.205 / 0.080 / 0.033 / 0.014); rel 0.5 / C 0.5: 195 (6×40, skok 400 µm); rel 0.3 / C 0.5: 195 (6×41, skok 400 µm); abs 0.1 / C 0.5: 0; abs 0.1 / C 0.3: 0; rel 0.5 / C 0.3: 252 (7×40, skok 350 µm); abs 0.1 / C 0.15: 0
L = 0.85 mm, krok 0.010° (12 s): K1 NIE (stożek: 0.551 / 0.210 / 0.092 / 0.052 / 0.039); rel 0.5 / C 0.5: 126 (4×40, skok 550 µm); rel 0.3 / C 0.5: 130 (4×41, skok 550 µm); abs 0.1 / C 0.5: 0; abs 0.1 / C 0.3: 0; rel 0.5 / C 0.3: 185 (6×40, skok 450 µm); abs 0.1 / C 0.15: 0
L = 0.85 mm, krok 0.020° (13 s): K1 tak (stożek: 0.552 / 0.225 / 0.128 / 0.109 / 0.115); rel 0.5 / C 0.5: 80 (3×40, skok 700 µm); rel 0.3 / C 0.5: 80 (3×40, skok 700 µm); abs 0.1 / C 0.5: 0; abs 0.1 / C 0.3: 0; rel 0.5 / C 0.3: 138 (4×40, skok 550 µm); abs 0.1 / C 0.15: 0
L = 0.85 mm, krok 0.030° (12 s): K1 tak (stożek: 0.552 / 0.247 / 0.183 / 0.185 / 0.191); rel 0.5 / C 0.5: 97 (3×39, skok 550 µm); rel 0.3 / C 0.5: 97 (3×39, skok 550 µm); abs 0.1 / C 0.5: 93 (3×35, skok 550 µm); abs 0.1 / C 0.3: 130 (4×35, skok 500 µm); rel 0.5 / C 0.3: 138 (4×39, skok 500 µm); abs 0.1 / C 0.15: 157 (5×35, skok 450 µm)
L = 0.85 mm, krok 0.040° (12 s): K1 tak (stożek: 0.552 / 0.277 / 0.246 / 0.250 / 0.251); rel 0.5 / C 0.5: 90 (3×39, skok 550 µm); rel 0.3 / C 0.5: 90 (3×39, skok 550 µm); abs 0.1 / C 0.5: 90 (3×39, skok 550 µm); abs 0.1 / C 0.3: 150 (4×43, skok 500 µm); rel 0.5 / C 0.3: 132 (4×39, skok 500 µm); abs 0.1 / C 0.15: 160 (4×43, skok 400 µm)
L = 0.85 mm, krok 0.050° (13 s): K1 tak (stożek: 0.552 / 0.314 / 0.303 / 0.302 / 0.306); rel 0.5 / C 0.5: 71 (3×38, skok 550 µm); rel 0.3 / C 0.5: 71 (3×38, skok 550 µm); abs 0.1 / C 0.5: 71 (3×38, skok 550 µm); abs 0.1 / C 0.3: 136 (4×47, skok 500 µm); rel 0.5 / C 0.3: 114 (4×38, skok 500 µm); abs 0.1 / C 0.15: 172 (4×47, skok 450 µm)
L = 0.85 mm, krok 0.060° (12 s): K1 tak (stożek: 0.552 / 0.353 / 0.348 / 0.348 / 0.346); rel 0.5 / C 0.5: 59 (2×36, skok 550 µm); rel 0.3 / C 0.5: 59 (2×36, skok 550 µm); abs 0.1 / C 0.5: 59 (2×36, skok 550 µm); abs 0.1 / C 0.3: 128 (3×49, skok 500 µm); rel 0.5 / C 0.3: 99 (3×37, skok 500 µm); abs 0.1 / C 0.15: 164 (4×49, skok 450 µm)
L = 0.85 mm, krok 0.080° (13 s): K1 tak (stożek: 0.552 / 0.429 / 0.420 / 0.415 / 0.407); rel 0.5 / C 0.5: 31 (2×31, skok 550 µm); rel 0.3 / C 0.5: 31 (2×31, skok 550 µm); abs 0.1 / C 0.5: 31 (2×31, skok 550 µm); abs 0.1 / C 0.3: 88 (2×49, skok 500 µm); rel 0.5 / C 0.3: 63 (2×35, skok 500 µm); abs 0.1 / C 0.15: 134 (3×50, skok 450 µm)
L = 0.85 mm, krok 0.100° (12 s): K1 tak (stożek: 0.553 / 0.482 / 0.468 / 0.450 / 0.428); rel 0.5 / C 0.5: 19 (1×19, skok 500 µm); rel 0.3 / C 0.5: 19 (1×19, skok 500 µm); abs 0.1 / C 0.5: 19 (1×19, skok 500 µm); abs 0.1 / C 0.3: 45 (2×45, skok 500 µm); rel 0.5 / C 0.3: 42 (2×32, skok 500 µm); abs 0.1 / C 0.15: 88 (2×48, skok 450 µm)
L = 0.85 mm, krok 0.120° (12 s): K1 tak (stożek: 0.553 / 0.505 / 0.480 / 0.457 / 0.436); rel 0.5 / C 0.5: 0; rel 0.3 / C 0.5: 0; abs 0.1 / C 0.5: 0; abs 0.1 / C 0.3: 29 (1×29, skok 550 µm); rel 0.5 / C 0.3: 27 (1×27, skok 550 µm); abs 0.1 / C 0.15: 44 (1×44, skok 450 µm)
L = 0.75 mm, krok 0.020° (12 s): K1 NIE (stożek: 0.569 / 0.225 / 0.118 / 0.093 / 0.096); rel 0.5 / C 0.5: 95 (3×40, skok 700 µm); rel 0.3 / C 0.5: 96 (3×40, skok 700 µm); abs 0.1 / C 0.5: 0; abs 0.1 / C 0.3: 0; rel 0.5 / C 0.3: 142 (4×40, skok 500 µm); abs 0.1 / C 0.15: 0
L = 0.75 mm, krok 0.030° (12 s): K1 tak (stożek: 0.569 / 0.243 / 0.165 / 0.164 / 0.175); rel 0.5 / C 0.5: 101 (3×39, skok 550 µm); rel 0.3 / C 0.5: 101 (3×39, skok 550 µm); abs 0.1 / C 0.5: 89 (3×32, skok 550 µm); abs 0.1 / C 0.3: 118 (5×32, skok 450 µm); rel 0.5 / C 0.3: 142 (5×39, skok 450 µm); abs 0.1 / C 0.15: 144 (5×32, skok 400 µm)
L = 0.75 mm, krok 0.040° (13 s): K1 tak (stożek: 0.570 / 0.269 / 0.224 / 0.233 / 0.237); rel 0.5 / C 0.5: 95 (3×39, skok 500 µm); rel 0.3 / C 0.5: 95 (3×39, skok 500 µm); abs 0.1 / C 0.5: 95 (3×39, skok 500 µm); abs 0.1 / C 0.3: 152 (4×41, skok 450 µm); rel 0.5 / C 0.3: 136 (4×39, skok 450 µm); abs 0.1 / C 0.15: 187 (5×41, skok 400 µm)
L = 0.75 mm, krok 0.060° (12 s): K1 tak (stożek: 0.570 / 0.336 / 0.334 / 0.334 / 0.340); rel 0.5 / C 0.5: 62 (3×36, skok 500 µm); rel 0.3 / C 0.5: 62 (3×36, skok 500 µm); abs 0.1 / C 0.5: 62 (3×36, skok 500 µm); abs 0.1 / C 0.3: 132 (3×48, skok 450 µm); rel 0.5 / C 0.3: 100 (3×37, skok 450 µm); abs 0.1 / C 0.15: 178 (4×48, skok 400 µm)
L = 0.75 mm, krok 0.080° (13 s): K1 tak (stożek: 0.570 / 0.413 / 0.409 / 0.412 / 0.410); rel 0.5 / C 0.5: 31 (2×31, skok 500 µm); rel 0.3 / C 0.5: 31 (2×31, skok 500 µm); abs 0.1 / C 0.5: 31 (2×31, skok 500 µm); abs 0.1 / C 0.3: 90 (3×49, skok 450 µm); rel 0.5 / C 0.3: 70 (3×35, skok 450 µm); abs 0.1 / C 0.15: 138 (3×51, skok 400 µm)
L = 0.75 mm, krok 0.110° (12 s): K1 tak (stożek: 0.571 / 0.500 / 0.489 / 0.474 / 0.454); rel 0.5 / C 0.5: 0; rel 0.3 / C 0.5: 0; abs 0.1 / C 0.5: 0; abs 0.1 / C 0.3: 39 (1×39, skok 450 µm); rel 0.5 / C 0.3: 30 (1×30, skok 450 µm); abs 0.1 / C 0.15: 80 (2×47, skok 500 µm)
L = 1.00 mm, krok 0.020° (12 s): K1 tak (stożek: 0.523 / 0.222 / 0.140 / 0.129 / 0.134); rel 0.5 / C 0.5: 39 (1×39, skok 700 µm); rel 0.3 / C 0.5: 39 (1×39, skok 700 µm); abs 0.1 / C 0.5: 21 (1×21, skok 700 µm); abs 0.1 / C 0.3: 57 (3×21, skok 600 µm); rel 0.5 / C 0.3: 108 (3×40, skok 600 µm); abs 0.1 / C 0.15: 70 (4×21, skok 550 µm)
L = 1.00 mm, krok 0.030° (12 s): K1 tak (stożek: 0.523 / 0.250 / 0.204 / 0.205 / 0.204); rel 0.5 / C 0.5: 82 (3×39, skok 700 µm); rel 0.3 / C 0.5: 82 (3×39, skok 700 µm); abs 0.1 / C 0.5: 80 (3×38, skok 700 µm); abs 0.1 / C 0.3: 122 (4×38, skok 550 µm); rel 0.5 / C 0.3: 123 (4×40, skok 550 µm); abs 0.1 / C 0.15: 140 (4×38, skok 500 µm)
L = 1.00 mm, krok 0.040° (12 s): K1 tak (stożek: 0.523 / 0.287 / 0.267 / 0.264 / 0.265); rel 0.5 / C 0.5: 69 (2×39, skok 600 µm); rel 0.3 / C 0.5: 70 (2×39, skok 600 µm); abs 0.1 / C 0.5: 70 (2×39, skok 600 µm); abs 0.1 / C 0.3: 125 (4×45, skok 550 µm); rel 0.5 / C 0.3: 105 (4×39, skok 550 µm); abs 0.1 / C 0.15: 162 (4×45, skok 500 µm)
L = 1.00 mm, krok 0.060° (12 s): K1 tak (stożek: 0.523 / 0.369 / 0.358 / 0.354 / 0.347); rel 0.5 / C 0.5: 52 (2×36, skok 600 µm); rel 0.3 / C 0.5: 52 (2×36, skok 600 µm); abs 0.1 / C 0.5: 52 (2×36, skok 600 µm); abs 0.1 / C 0.3: 106 (3×49, skok 600 µm); rel 0.5 / C 0.3: 89 (3×37, skok 550 µm); abs 0.1 / C 0.15: 137 (3×49, skok 500 µm)
L = 1.00 mm, krok 0.080° (12 s): K1 tak (stożek: 0.524 / 0.436 / 0.421 / 0.406 / 0.387); rel 0.5 / C 0.5: 31 (1×31, skok 600 µm); rel 0.3 / C 0.5: 31 (1×31, skok 600 µm); abs 0.1 / C 0.5: 31 (1×31, skok 600 µm); abs 0.1 / C 0.3: 82 (2×48, skok 600 µm); rel 0.5 / C 0.3: 62 (2×35, skok 550 µm); abs 0.1 / C 0.15: 92 (2×49, skok 500 µm)
L = 1.00 mm, krok 0.110° (12 s): K1 tak (stożek: 0.524 / 0.476 / 0.448 / 0.425 / 0.400); rel 0.5 / C 0.5: 0; rel 0.3 / C 0.5: 0; abs 0.1 / C 0.5: 0; abs 0.1 / C 0.3: 39 (1×39, skok 600 µm); rel 0.5 / C 0.3: 30 (1×30, skok 550 µm); abs 0.1 / C 0.15: 45 (1×45, skok 500 µm)

wyjścia nierówne (rel 0.5 / C 0.5): start od kroku 0.030° (97 woksli na warstwę), krok 0,01°
  odstępy [0.02, 0.03, 0.03, 0.03]: K1 tak (min stożek 0.164), rel 0.5 / C 0.5: 97 (3×39, skok 600 µm)
  odstępy [0.04, 0.03, 0.03, 0.03]: K1 tak (min stożek 0.188), rel 0.5 / C 0.5: 97 (3×39, skok 550 µm)
  odstępy [0.03, 0.02, 0.03, 0.03]: K1 tak (min stożek 0.144), rel 0.5 / C 0.5: 97 (3×39, skok 600 µm)
  odstępy [0.03, 0.04, 0.03, 0.03]: K1 tak (min stożek 0.192), rel 0.5 / C 0.5: 98 (3×39, skok 550 µm)
  odstępy [0.03, 0.03, 0.02, 0.03]: K1 tak (min stożek 0.140), rel 0.5 / C 0.5: 96 (3×39, skok 600 µm)
  odstępy [0.03, 0.03, 0.04, 0.03]: K1 tak (min stożek 0.183), rel 0.5 / C 0.5: 98 (3×39, skok 550 µm)
  odstępy [0.03, 0.03, 0.03, 0.02]: K1 tak (min stożek 0.146), rel 0.5 / C 0.5: 97 (3×39, skok 600 µm)
  odstępy [0.03, 0.03, 0.03, 0.04]: K1 tak (min stożek 0.183), rel 0.5 / C 0.5: 98 (3×39, skok 550 µm)
  odstępy [0.02, 0.04, 0.03, 0.03]: K1 tak (min stożek 0.192), rel 0.5 / C 0.5: 102 (3×39, skok 550 µm)
  odstępy [0.04, 0.04, 0.03, 0.03]: K1 tak (min stożek 0.192), rel 0.5 / C 0.5: 96 (3×39, skok 550 µm)
  odstępy [0.03, 0.05, 0.03, 0.03]: K1 tak (min stożek 0.192), rel 0.5 / C 0.5: 96 (3×39, skok 550 µm)
  odstępy [0.03, 0.04, 0.02, 0.03]: K1 tak (min stożek 0.160), rel 0.5 / C 0.5: 94 (3×39, skok 550 µm)
  odstępy [0.03, 0.04, 0.04, 0.03]: K1 tak (min stożek 0.205), rel 0.5 / C 0.5: 96 (3×39, skok 550 µm)
  odstępy [0.03, 0.04, 0.03, 0.02]: K1 tak (min stożek 0.148), rel 0.5 / C 0.5: 101 (3×39, skok 550 µm)
  odstępy [0.03, 0.04, 0.03, 0.04]: K1 tak (min stożek 0.203), rel 0.5 / C 0.5: 96 (3×39, skok 550 µm)
  odstępy [0.01, 0.04, 0.03, 0.03]: K1 tak (min stożek 0.188), rel 0.5 / C 0.5: 103 (3×39, skok 550 µm)
  odstępy [0.02, 0.05, 0.03, 0.03]: K1 tak (min stożek 0.192), rel 0.5 / C 0.5: 98 (3×39, skok 550 µm)
  odstępy [0.02, 0.04, 0.02, 0.03]: K1 tak (min stożek 0.154), rel 0.5 / C 0.5: 97 (3×39, skok 600 µm)
  odstępy [0.02, 0.04, 0.04, 0.03]: K1 tak (min stożek 0.205), rel 0.5 / C 0.5: 99 (3×39, skok 550 µm)
  odstępy [0.02, 0.04, 0.03, 0.02]: K1 tak (min stożek 0.148), rel 0.5 / C 0.5: 104 (3×39, skok 550 µm)
  odstępy [0.02, 0.04, 0.03, 0.04]: K1 tak (min stożek 0.200), rel 0.5 / C 0.5: 98 (3×39, skok 550 µm)
  odstępy [0.01, 0.04, 0.03, 0.02]: K1 tak (min stożek 0.148), rel 0.5 / C 0.5: 103 (3×39, skok 550 µm)
  odstępy [0.02, 0.03, 0.03, 0.02]: K1 tak (min stożek 0.146), rel 0.5 / C 0.5: 100 (3×39, skok 600 µm)
  odstępy [0.02, 0.05, 0.03, 0.02]: K1 tak (min stożek 0.149), rel 0.5 / C 0.5: 103 (4×39, skok 550 µm)
  odstępy [0.02, 0.04, 0.02, 0.02]: K1 tak (min stożek 0.129), rel 0.5 / C 0.5: 100 (3×39, skok 600 µm)
  odstępy [0.02, 0.04, 0.04, 0.02]: K1 tak (min stożek 0.164), rel 0.5 / C 0.5: 102 (3×39, skok 550 µm)
  odstępy [0.02, 0.04, 0.03, 0.01]: K1 tak (min stożek 0.111), rel 0.5 / C 0.5: 105 (4×39, skok 550 µm)
  odstępy [0.01, 0.04, 0.03, 0.01]: K1 tak (min stożek 0.109), rel 0.5 / C 0.5: 106 (3×40, skok 550 µm)
  odstępy [0.03, 0.04, 0.03, 0.01]: K1 tak (min stożek 0.111), rel 0.5 / C 0.5: 104 (4×39, skok 550 µm)
  odstępy [0.02, 0.03, 0.03, 0.01]: K1 tak (min stożek 0.106), rel 0.5 / C 0.5: 103 (3×40, skok 600 µm)
  odstępy [0.02, 0.05, 0.03, 0.01]: K1 tak (min stożek 0.114), rel 0.5 / C 0.5: 106 (4×39, skok 500 µm)
  odstępy [0.02, 0.04, 0.02, 0.01]: K1 NIE (min stożek 0.092), rel 0.5 / C 0.5: 105 (3×39, skok 550 µm)
  odstępy [0.02, 0.04, 0.04, 0.01]: K1 tak (min stożek 0.129), rel 0.5 / C 0.5: 105 (4×39, skok 550 µm)
  odstępy [0.02, 0.04, 0.03, 0.0]: K1 NIE (min stożek 0.081), rel 0.5 / C 0.5: 110 (4×40, skok 550 µm)
  odstępy [0.0, 0.04, 0.03, 0.01]: K1 tak (min stożek 0.106), rel 0.5 / C 0.5: 104 (3×40, skok 600 µm)
  odstępy [0.01, 0.03, 0.03, 0.01]: K1 tak (min stożek 0.103), rel 0.5 / C 0.5: 96 (3×40, skok 700 µm)
  odstępy [0.01, 0.05, 0.03, 0.01]: K1 tak (min stożek 0.113), rel 0.5 / C 0.5: 105 (4×39, skok 550 µm)
  odstępy [0.01, 0.04, 0.02, 0.01]: K1 NIE (min stożek 0.089), rel 0.5 / C 0.5: 104 (3×40, skok 600 µm)
  odstępy [0.01, 0.04, 0.04, 0.01]: K1 tak (min stożek 0.128), rel 0.5 / C 0.5: 105 (4×39, skok 550 µm)
  odstępy [0.01, 0.04, 0.03, 0.0]: K1 NIE (min stożek 0.079), rel 0.5 / C 0.5: 116 (4×40, skok 550 µm)
najlepsze odstępy (L = 0,85 mm, rel 0.5 / C 0.5): [0.01, 0.04, 0.03, 0.01] → 106 woksli na warstwę (530 razem)

wyjścia nierówne (abs 0.1 / C 0.3): start od kroku 0.040° (150 woksli na warstwę), krok 0,01°
  odstępy [0.03, 0.04, 0.04, 0.04]: K1 tak (min stożek 0.230), abs 0.1 / C 0.3: 150 (4×42, skok 500 µm)
  odstępy [0.05, 0.04, 0.04, 0.04]: K1 tak (min stożek 0.250), abs 0.1 / C 0.3: 146 (4×44, skok 500 µm)
  odstępy [0.04, 0.03, 0.04, 0.04]: K1 tak (min stożek 0.200), abs 0.1 / C 0.3: 144 (4×38, skok 500 µm)
  odstępy [0.04, 0.05, 0.04, 0.04]: K1 tak (min stożek 0.254), abs 0.1 / C 0.3: 146 (4×44, skok 500 µm)
  odstępy [0.04, 0.04, 0.03, 0.04]: K1 tak (min stożek 0.205), abs 0.1 / C 0.3: 144 (4×39, skok 500 µm)
  odstępy [0.04, 0.04, 0.05, 0.04]: K1 tak (min stożek 0.246), abs 0.1 / C 0.3: 150 (4×43, skok 500 µm)
  odstępy [0.04, 0.04, 0.04, 0.03]: K1 tak (min stożek 0.206), abs 0.1 / C 0.3: 138 (4×39, skok 500 µm)
  odstępy [0.04, 0.04, 0.04, 0.05]: K1 tak (min stożek 0.246), abs 0.1 / C 0.3: 150 (4×43, skok 500 µm)
najlepsze odstępy (L = 0,85 mm, abs 0.1 / C 0.3): [0.04, 0.04, 0.04, 0.04] → 150 woksli na warstwę (750 razem)
== Ograniczenie geometryczne a progi jakości (N = 5, L = 0,85 mm, wyjścia równe co δ) ==
δ = 0.0300°: ślad wiązki przy oku f_k (1/e², x) = 0.63 / 0.70 / 0.80 / 0.75 / 0.70 mm; rozrzut łatek X_max − X_min = 0.56 mm; granica W_5 ≤ 3.57 mm
   tylko geometria (moc > 1% maks.): 762 woksli (9 kol. × 91 wierszy, szer. x 2.32 mm, skok 250 µm); geometria + kontrast ≥ 0,5: 97 woksli (3 kol. × 39 wierszy, szer. x 1.45 mm, skok 550 µm); moc ≥ 20% + kontrast ≥ 0,5: 97 woksli (3 kol. × 39 wierszy, szer. x 1.45 mm, skok 550 µm); moc ≥ 50% + kontrast ≥ 0,5: 97 woksli (3 kol. × 39 wierszy, szer. x 1.45 mm, skok 550 µm)
δ = 0.0600°: ślad wiązki przy oku f_k (1/e², x) = 0.63 / 0.70 / 0.66 / 0.63 / 0.61 mm; rozrzut łatek X_max − X_min = 1.19 mm; granica W_5 ≤ 2.92 mm
   tylko geometria (moc > 1% maks.): 576 woksli (7 kol. × 89 wierszy, szer. x 1.73 mm, skok 250 µm); geometria + kontrast ≥ 0,5: 59 woksli (2 kol. × 36 wierszy, szer. x 1.03 mm, skok 550 µm); moc ≥ 20% + kontrast ≥ 0,5: 59 woksli (2 kol. × 36 wierszy, szer. x 1.03 mm, skok 550 µm); moc ≥ 50% + kontrast ≥ 0,5: 59 woksli (2 kol. × 36 wierszy, szer. x 1.03 mm, skok 550 µm)
δ = 0.1100°: ślad wiązki przy oku f_k (1/e², x) = 0.63 / 0.59 / 0.56 / 0.56 / 0.54 mm; rozrzut łatek X_max − X_min = 2.26 mm; granica W_5 ≤ 1.78 mm
   tylko geometria (moc > 1% maks.): 234 woksli (3 kol. × 82 wierszy, szer. x 0.73 mm, skok 250 µm); geometria + kontrast ≥ 0,5: 0; moc ≥ 20% + kontrast ≥ 0,5: 0; moc ≥ 50% + kontrast ≥ 0,5: 0
δ = 0.1575°: ślad wiązki przy oku f_k (1/e², x) = 0.66 / 0.61 / 0.61 / 0.59 / 0.59 mm; rozrzut łatek X_max − X_min = 3.27 mm; granica W_5 ≤ 0.82 mm
   tylko geometria (moc > 1% maks.): 67 woksli (1 kol. × 67 wierszy, szer. x 0.16 mm, skok 500 µm); geometria + kontrast ≥ 0,5: 0; moc ≥ 20% + kontrast ≥ 0,5: 0; moc ≥ 50% + kontrast ≥ 0,5: 0

== Błędy wykonania: konfiguracja L = 0,85 mm, odstępy wyjść [0.01, 0.04, 0.03, 0.01]° (nominalnie 106 woksli na warstwę, rel 0.5 / C 0.5) ==
współczynniki C1: wyjście x [°] na ε = 10⁻⁵: +0.0049 / +0.0044 / +0.0040 / +0.0037 / +0.0034; na φ = 0,001°: -0.0015 / -0.0015 / -0.0015 / -0.0015 / -0.0015
Model zastępczy do wyboru wektora: po C1 błąd warstwy j przesuwa jej wyjście (i okrąg Bragga portu) o u_j = a_ε,j·ε_j + a_φ,j·φ_j ∈ [−U_j, U_j], U_j = |a_ε,j|·ε0 + |a_φ,j|·φ0; przeszukanie u_j ∈ {−U, −U/2, 0, U/2, U}⁵; porty T_eff(s_k − s_j) z widmem wiązki. Wybrane wektory sprawdzone pełnym modelem siatek (K' z błędami: rezonans, η, faza, porty, wachlarz, łatki).

budżet |ε| ≤ 1e-05, |φ| ≤ 0.002° (każda warstwa niezależnie); przesunięcie wyjścia U_j = 0.0079 / 0.0074 / 0.0070 / 0.0067 / 0.0064°
  wektor (największy wachlarz): ε = [-1.0e-05, -1.0e-05, -1.0e-05, -1.0e-05, +1.0e-05], φ = [+0.0020, +0.0020, +0.0020, +0.0020, -0.0020]°; model zastępczy: wachlarz 0.104° (nominalnie 0.090°), min iloczyn portów 0.314
    pełny model, C1: wyjścia -0.054 / -0.043 / -0.003 / +0.027 / +0.050°; wejścia 19.9987 / 21.9990 / 23.9993 / 25.9995 / 28.0003° wewn.; K1 tak (stożek 0.552 / 0.211 / 0.190 / 0.195 / 0.162); rel 0.5 / C 0.5: 103 (3×39); rel 0.3 / C 0.5: 104 (3×40); abs 0.1 / C 0.5: 86 (3×31); abs 0.1 / C 0.3: 115 (4×31); rel 0.5 / C 0.3: 140 (4×40); abs 0.1 / C 0.15: 139 (5×31)
    pełny model, C0: wyjścia -0.052 / -0.042 / -0.002 / +0.028 / +0.050°; wejścia 20.0000 / 22.0000 / 24.0000 / 26.0000 / 28.0000° wewn.; K1 tak (stożek 0.551 / 0.212 / 0.193 / 0.197 / 0.161); rel 0.5 / C 0.5: 104 (3×39); rel 0.3 / C 0.5: 106 (3×40); abs 0.1 / C 0.5: 85 (3×31); abs 0.1 / C 0.3: 114 (4×31); rel 0.5 / C 0.3: 140 (4×40); abs 0.1 / C 0.15: 139 (5×31)
  wektor (najmniejsza transmisja portów): ε = [+1.0e-05, +1.0e-05, +1.0e-05, +5.0e-06, -1.0e-05], φ = [-0.0020, -0.0020, -0.0020, -0.0010, +0.0020]°; model zastępczy: wachlarz 0.076° (nominalnie 0.090°), min iloczyn portów 0.128
    pełny model, C1: wyjścia -0.038 / -0.029 / +0.011 / +0.037 / +0.038°; wejścia 20.0013 / 22.0010 / 24.0007 / 26.0002 / 27.9997° wewn.; K1 NIE (stożek 0.552 / 0.210 / 0.185 / 0.173 / 0.072); rel 0.5 / C 0.5: 117 (4×40); rel 0.3 / C 0.5: 118 (4×40); abs 0.1 / C 0.5: 0 (0×0); abs 0.1 / C 0.3: 0 (0×0); rel 0.5 / C 0.3: 166 (5×40); abs 0.1 / C 0.15: 0 (0×0)
    pełny model, C0: wyjścia -0.040 / -0.030 / +0.010 / +0.037 / +0.038°; wejścia 20.0000 / 22.0000 / 24.0000 / 26.0000 / 28.0000° wewn.; K1 NIE (stożek 0.552 / 0.209 / 0.182 / 0.173 / 0.072); rel 0.5 / C 0.5: 115 (4×40); rel 0.3 / C 0.5: 116 (4×40); abs 0.1 / C 0.5: 0 (0×0); abs 0.1 / C 0.3: 0 (0×0); rel 0.5 / C 0.3: 166 (5×40); abs 0.1 / C 0.15: 0 (0×0)

budżet |ε| ≤ 2e-05, |φ| ≤ 0.005° (każda warstwa niezależnie); przesunięcie wyjścia U_j = 0.0173 / 0.0164 / 0.0156 / 0.0149 / 0.0144°
  wektor (największy wachlarz): ε = [-2.0e-05, -2.0e-05, -2.0e-05, -2.0e-05, +2.0e-05], φ = [+0.0050, +0.0050, +0.0050, +0.0050, -0.0050]°; model zastępczy: wachlarz 0.122° (nominalnie 0.090°), min iloczyn portów 0.343
    pełny model, C1: wyjścia -0.063 / -0.052 / -0.012 / +0.019 / +0.058°; wejścia 19.9985 / 21.9991 / 23.9996 / 26.0000 / 27.9996° wewn.; K1 tak (stożek 0.552 / 0.211 / 0.193 / 0.198 / 0.236); rel 0.5 / C 0.5: 101 (3×39); rel 0.3 / C 0.5: 101 (3×39); abs 0.1 / C 0.5: 99 (3×37); abs 0.1 / C 0.3: 138 (4×37); rel 0.5 / C 0.3: 140 (4×40); abs 0.1 / C 0.15: 165 (5×37)
    pełny model, C0: wyjścia -0.061 / -0.051 / -0.011 / +0.019 / +0.059°; wejścia 20.0000 / 22.0000 / 24.0000 / 26.0000 / 28.0000° wewn.; K1 tak (stożek 0.551 / 0.212 / 0.195 / 0.198 / 0.237); rel 0.5 / C 0.5: 101 (3×39); rel 0.3 / C 0.5: 101 (3×39); abs 0.1 / C 0.5: 99 (3×37); abs 0.1 / C 0.3: 138 (4×37); rel 0.5 / C 0.3: 138 (4×39); abs 0.1 / C 0.15: 166 (5×37)
  wektor (najmniejsza transmisja portów): ε = [+2.0e-05, +2.0e-05, +2.0e-05, -1.0e-05, -2.0e-05], φ = [-0.0050, -0.0050, -0.0050, +0.0025, +0.0050]°; model zastępczy: wachlarz 0.058° (nominalnie 0.090°), min iloczyn portów 0.073
    pełny model, C1: wyjścia -0.029 / -0.020 / +0.020 / +0.027 / +0.030°; wejścia 20.0015 / 22.0009 / 24.0004 / 26.0000 / 28.0004° wewn.; K1 NIE (stożek 0.551 / 0.210 / 0.182 / 0.093 / 0.046); rel 0.5 / C 0.5: 134 (4×40); rel 0.3 / C 0.5: 135 (4×40); abs 0.1 / C 0.5: 0 (0×0); abs 0.1 / C 0.3: 0 (0×0); rel 0.5 / C 0.3: 174 (5×40); abs 0.1 / C 0.15: 0 (0×0)
    pełny model, C0: wyjścia -0.031 / -0.021 / +0.019 / +0.027 / +0.029°; wejścia 20.0000 / 22.0000 / 24.0000 / 26.0000 / 28.0000° wewn.; K1 NIE (stożek 0.552 / 0.209 / 0.181 / 0.093 / 0.045); rel 0.5 / C 0.5: 134 (4×40); rel 0.3 / C 0.5: 135 (4×40); abs 0.1 / C 0.5: 0 (0×0); abs 0.1 / C 0.3: 0 (0×0); rel 0.5 / C 0.3: 174 (5×40); abs 0.1 / C 0.15: 0 (0×0)

budżet |ε| ≤ 5e-05, |φ| ≤ 0.01° (każda warstwa niezależnie); przesunięcie wyjścia U_j = 0.0394 / 0.0371 / 0.0352 / 0.0336 / 0.0322°
  wektor (największy wachlarz): ε = [-5.0e-05, -5.0e-05, -5.0e-05, -5.0e-05, +5.0e-05], φ = [+0.0100, +0.0100, +0.0100, +0.0100, -0.0100]°; model zastępczy: wachlarz 0.162° (nominalnie 0.090°), min iloczyn portów 0.359
    pełny model, C1: wyjścia -0.085 / -0.073 / -0.031 / +0.000 / +0.076°; wejścia 19.9937 / 21.9952 / 23.9965 / 25.9976 / 28.0015° wewn.; K1 tak (stożek 0.552 / 0.213 / 0.202 / 0.206 / 0.372); rel 0.5 / C 0.5: 90 (3×39); rel 0.3 / C 0.5: 90 (3×39); abs 0.1 / C 0.5: 90 (3×38); abs 0.1 / C 0.3: 140 (4×38); rel 0.5 / C 0.3: 134 (4×39); abs 0.1 / C 0.15: 162 (5×38)
    pełny model, C0: wyjścia -0.077 / -0.067 / -0.026 / +0.004 / +0.074°; wejścia 20.0000 / 22.0000 / 24.0000 / 26.0000 / 28.0000° wewn.; K1 tak (stożek 0.544 / 0.216 / 0.215 / 0.214 / 0.370); rel 0.5 / C 0.5: 92 (3×38); rel 0.3 / C 0.5: 92 (3×38); abs 0.1 / C 0.5: 92 (3×38); abs 0.1 / C 0.3: 144 (4×40); rel 0.5 / C 0.3: 134 (4×39); abs 0.1 / C 0.15: 171 (5×40)
  wektor (najmniejsza transmisja portów): ε = [+5.0e-05, +5.0e-05, +0.0e+00, -2.5e-05, -5.0e-05], φ = [-0.0100, -0.0100, -0.0000, +0.0050, +0.0100]°; model zastępczy: wachlarz 0.024° (nominalnie 0.090°), min iloczyn portów 0.028
    pełny model, C1: wyjścia -0.007 / +0.001 / +0.004 / +0.017 / +0.012°; wejścia 20.0063 / 22.0047 / 24.0000 / 25.9988 / 27.9985° wewn.; K1 NIE (stożek 0.551 / 0.208 / 0.083 / 0.047 / 0.017); rel 0.5 / C 0.5: 180 (6×40); rel 0.3 / C 0.5: 182 (6×41); abs 0.1 / C 0.5: 0 (0×0); abs 0.1 / C 0.3: 0 (0×0); rel 0.5 / C 0.3: 244 (7×40); abs 0.1 / C 0.15: 0 (0×0)
    pełny model, C0: wyjścia -0.015 / -0.005 / +0.004 / +0.019 / +0.014°; wejścia 20.0000 / 22.0000 / 24.0000 / 26.0000 / 28.0000° wewn.; K1 NIE (stożek 0.547 / 0.205 / 0.083 / 0.049 / 0.017); rel 0.5 / C 0.5: 175 (6×40); rel 0.3 / C 0.5: 176 (6×41); abs 0.1 / C 0.5: 0 (0×0); abs 0.1 / C 0.3: 0 (0×0); rel 0.5 / C 0.3: 240 (7×40); abs 0.1 / C 0.15: 0 (0×0)

== Błędy wykonania: konfiguracja L = 0,85 mm, odstępy wyjść [0.04, 0.04, 0.04, 0.04]° (nominalnie 150 woksli na warstwę, abs 0.1 / C 0.3) ==
współczynniki C1: wyjście x [°] na ε = 10⁻⁵: +0.0049 / +0.0044 / +0.0040 / +0.0037 / +0.0034; na φ = 0,001°: -0.0015 / -0.0015 / -0.0015 / -0.0015 / -0.0015
Model zastępczy do wyboru wektora: po C1 błąd warstwy j przesuwa jej wyjście (i okrąg Bragga portu) o u_j = a_ε,j·ε_j + a_φ,j·φ_j ∈ [−U_j, U_j], U_j = |a_ε,j|·ε0 + |a_φ,j|·φ0; przeszukanie u_j ∈ {−U, −U/2, 0, U/2, U}⁵; porty T_eff(s_k − s_j) z widmem wiązki. Wybrane wektory sprawdzone pełnym modelem siatek (K' z błędami: rezonans, η, faza, porty, wachlarz, łatki).

budżet |ε| ≤ 1e-05, |φ| ≤ 0.002° (każda warstwa niezależnie); przesunięcie wyjścia U_j = 0.0079 / 0.0074 / 0.0070 / 0.0067 / 0.0064°
  wektor (największy wachlarz): ε = [-1.0e-05, -1.0e-05, -1.0e-05, -1.0e-05, +1.0e-05], φ = [+0.0020, +0.0020, +0.0020, +0.0020, -0.0020]°; model zastępczy: wachlarz 0.174° (nominalnie 0.160°), min iloczyn portów 0.464
    pełny model, C1: wyjścia -0.088 / -0.047 / -0.007 / +0.033 / +0.086°; wejścia 19.9987 / 21.9990 / 23.9993 / 25.9995 / 28.0003° wewn.; K1 tak (stożek 0.552 / 0.279 / 0.249 / 0.252 / 0.310); rel 0.5 / C 0.5: 85 (3×38); rel 0.3 / C 0.5: 85 (3×38); abs 0.1 / C 0.5: 85 (3×38); abs 0.1 / C 0.3: 150 (4×43); rel 0.5 / C 0.3: 130 (4×39); abs 0.1 / C 0.15: 164 (4×43)
    pełny model, C0: wyjścia -0.086 / -0.046 / -0.006 / +0.034 / +0.086°; wejścia 20.0000 / 22.0000 / 24.0000 / 26.0000 / 28.0000° wewn.; K1 tak (stożek 0.551 / 0.282 / 0.251 / 0.254 / 0.309); rel 0.5 / C 0.5: 86 (3×38); rel 0.3 / C 0.5: 86 (3×38); abs 0.1 / C 0.5: 86 (3×38); abs 0.1 / C 0.3: 150 (4×44); rel 0.5 / C 0.3: 132 (4×39); abs 0.1 / C 0.15: 166 (4×44)
  wektor (najmniejsza transmisja portów): ε = [+1.0e-05, +1.0e-05, -1.0e-05, -1.0e-05, -1.0e-05], φ = [-0.0020, -0.0020, +0.0020, +0.0020, +0.0020]°; model zastępczy: wachlarz 0.146° (nominalnie 0.160°), min iloczyn portów 0.332
    pełny model, C1: wyjścia -0.072 / -0.033 / -0.007 / +0.033 / +0.074°; wejścia 20.0013 / 22.0010 / 23.9993 / 25.9995 / 27.9997° wewn.; K1 tak (stożek 0.552 / 0.276 / 0.181 / 0.231 / 0.250); rel 0.5 / C 0.5: 94 (3×39); rel 0.3 / C 0.5: 94 (3×39); abs 0.1 / C 0.5: 91 (3×35); abs 0.1 / C 0.3: 132 (4×35); rel 0.5 / C 0.3: 136 (4×39); abs 0.1 / C 0.15: 160 (5×35)
    pełny model, C0: wyjścia -0.074 / -0.034 / -0.006 / +0.034 / +0.074°; wejścia 20.0000 / 22.0000 / 24.0000 / 26.0000 / 28.0000° wewn.; K1 tak (stożek 0.552 / 0.273 / 0.183 / 0.233 / 0.251); rel 0.5 / C 0.5: 94 (3×39); rel 0.3 / C 0.5: 94 (3×39); abs 0.1 / C 0.5: 91 (3×35); abs 0.1 / C 0.3: 132 (4×35); rel 0.5 / C 0.3: 134 (4×39); abs 0.1 / C 0.15: 163 (5×35)

budżet |ε| ≤ 2e-05, |φ| ≤ 0.005° (każda warstwa niezależnie); przesunięcie wyjścia U_j = 0.0173 / 0.0164 / 0.0156 / 0.0149 / 0.0144°
  wektor (największy wachlarz): ε = [-2.0e-05, -2.0e-05, -2.0e-05, -2.0e-05, +2.0e-05], φ = [+0.0050, +0.0050, +0.0050, +0.0050, -0.0050]°; model zastępczy: wachlarz 0.192° (nominalnie 0.160°), min iloczyn portów 0.469
    pełny model, C1: wyjścia -0.097 / -0.056 / -0.016 / +0.025 / +0.094°; wejścia 19.9985 / 21.9991 / 23.9996 / 26.0000 / 27.9996° wewn.; K1 tak (stożek 0.552 / 0.280 / 0.251 / 0.254 / 0.367); rel 0.5 / C 0.5: 77 (3×38); rel 0.3 / C 0.5: 77 (3×38); abs 0.1 / C 0.5: 77 (3×38); abs 0.1 / C 0.3: 144 (4×44); rel 0.5 / C 0.3: 122 (4×38); abs 0.1 / C 0.15: 164 (4×44)
    pełny model, C0: wyjścia -0.095 / -0.055 / -0.015 / +0.025 / +0.095°; wejścia 20.0000 / 22.0000 / 24.0000 / 26.0000 / 28.0000° wewn.; K1 tak (stożek 0.551 / 0.283 / 0.253 / 0.254 / 0.368); rel 0.5 / C 0.5: 77 (3×38); rel 0.3 / C 0.5: 77 (3×38); abs 0.1 / C 0.5: 77 (3×38); abs 0.1 / C 0.3: 144 (4×44); rel 0.5 / C 0.3: 122 (4×39); abs 0.1 / C 0.15: 166 (4×44)
  wektor (najmniejsza transmisja portów): ε = [+2.0e-05, +2.0e-05, +2.0e-05, -2.0e-05, -2.0e-05], φ = [-0.0050, -0.0050, -0.0050, +0.0050, +0.0050]°; model zastępczy: wachlarz 0.128° (nominalnie 0.160°), min iloczyn portów 0.230
    pełny model, C1: wyjścia -0.063 / -0.024 / +0.016 / +0.025 / +0.066°; wejścia 20.0015 / 22.0009 / 24.0004 / 26.0000 / 28.0004° wewn.; K1 tak (stożek 0.552 / 0.274 / 0.241 / 0.123 / 0.202); rel 0.5 / C 0.5: 92 (3×39); rel 0.3 / C 0.5: 92 (3×39); abs 0.1 / C 0.5: 45 (3×18); abs 0.1 / C 0.3: 60 (4×18); rel 0.5 / C 0.3: 138 (4×39); abs 0.1 / C 0.15: 68 (5×18)
    pełny model, C0: wyjścia -0.065 / -0.025 / +0.015 / +0.025 / +0.065°; wejścia 20.0000 / 22.0000 / 24.0000 / 26.0000 / 28.0000° wewn.; K1 tak (stożek 0.552 / 0.272 / 0.240 / 0.123 / 0.201); rel 0.5 / C 0.5: 91 (3×39); rel 0.3 / C 0.5: 91 (3×39); abs 0.1 / C 0.5: 45 (3×18); abs 0.1 / C 0.3: 60 (4×18); rel 0.5 / C 0.3: 138 (4×39); abs 0.1 / C 0.15: 68 (5×18)

budżet |ε| ≤ 5e-05, |φ| ≤ 0.01° (każda warstwa niezależnie); przesunięcie wyjścia U_j = 0.0394 / 0.0371 / 0.0352 / 0.0336 / 0.0322°
  wektor (największy wachlarz): ε = [-5.0e-05, -5.0e-05, -5.0e-05, -5.0e-05, +5.0e-05], φ = [+0.0100, +0.0100, +0.0100, +0.0100, -0.0100]°; model zastępczy: wachlarz 0.232° (nominalnie 0.160°), min iloczyn portów 0.485
    pełny model, C1: wyjścia -0.119 / -0.077 / -0.035 / +0.006 / +0.112°; wejścia 19.9937 / 21.9952 / 23.9965 / 25.9976 / 28.0015° wewn.; K1 tak (stożek 0.552 / 0.285 / 0.258 / 0.259 / 0.419); rel 0.5 / C 0.5: 64 (3×37); rel 0.3 / C 0.5: 64 (3×37); abs 0.1 / C 0.5: 64 (3×37); abs 0.1 / C 0.3: 128 (3×44); rel 0.5 / C 0.3: 102 (3×38); abs 0.1 / C 0.15: 166 (4×44)
    pełny model, C0: wyjścia -0.111 / -0.071 / -0.030 / +0.010 / +0.110°; wejścia 20.0000 / 22.0000 / 24.0000 / 26.0000 / 28.0000° wewn.; K1 tak (stożek 0.545 / 0.298 / 0.271 / 0.266 / 0.419); rel 0.5 / C 0.5: 67 (3×37); rel 0.3 / C 0.5: 67 (3×37); abs 0.1 / C 0.5: 67 (3×37); abs 0.1 / C 0.3: 131 (4×45); rel 0.5 / C 0.3: 102 (4×38); abs 0.1 / C 0.15: 170 (4×45)
  wektor (najmniejsza transmisja portów): ε = [+5.0e-05, +5.0e-05, +0.0e+00, -5.0e-05, -5.0e-05], φ = [-0.0100, -0.0100, -0.0000, +0.0100, +0.0100]°; model zastępczy: wachlarz 0.088° (nominalnie 0.160°), min iloczyn portów 0.095
    pełny model, C1: wyjścia -0.041 / -0.003 / +0.000 / +0.006 / +0.048°; wejścia 20.0063 / 22.0047 / 24.0000 / 25.9976 / 27.9985° wewn.; K1 NIE (stożek 0.552 / 0.270 / 0.110 / 0.054 / 0.161); rel 0.5 / C 0.5: 85 (3×40); rel 0.3 / C 0.5: 85 (3×40); abs 0.1 / C 0.5: 0 (0×0); abs 0.1 / C 0.3: 0 (0×0); rel 0.5 / C 0.3: 119 (4×40); abs 0.1 / C 0.15: 0 (0×0)
    pełny model, C0: wyjścia -0.049 / -0.009 / -0.000 / +0.010 / +0.050°; wejścia 20.0000 / 22.0000 / 24.0000 / 26.0000 / 28.0000° wewn.; K1 NIE (stożek 0.547 / 0.255 / 0.110 / 0.056 / 0.167); rel 0.5 / C 0.5: 77 (3×40); rel 0.3 / C 0.5: 77 (3×40); abs 0.1 / C 0.5: 0 (0×0); abs 0.1 / C 0.3: 0 (0×0); rel 0.5 / C 0.3: 108 (4×40); abs 0.1 / C 0.15: 0 (0×0)

== Błędy wykonania: konfiguracja L = 0,85 mm, odstępy wyjść [0.03, 0.03, 0.03, 0.03]° (nominalnie 97 woksli na warstwę, rel 0.5 / C 0.5) ==
współczynniki C1: wyjście x [°] na ε = 10⁻⁵: +0.0049 / +0.0044 / +0.0040 / +0.0037 / +0.0034; na φ = 0,001°: -0.0015 / -0.0015 / -0.0015 / -0.0015 / -0.0015
Model zastępczy do wyboru wektora: po C1 błąd warstwy j przesuwa jej wyjście (i okrąg Bragga portu) o u_j = a_ε,j·ε_j + a_φ,j·φ_j ∈ [−U_j, U_j], U_j = |a_ε,j|·ε0 + |a_φ,j|·φ0; przeszukanie u_j ∈ {−U, −U/2, 0, U/2, U}⁵; porty T_eff(s_k − s_j) z widmem wiązki. Wybrane wektory sprawdzone pełnym modelem siatek (K' z błędami: rezonans, η, faza, porty, wachlarz, łatki).

budżet |ε| ≤ 1e-05, |φ| ≤ 0.002° (każda warstwa niezależnie); przesunięcie wyjścia U_j = 0.0079 / 0.0074 / 0.0070 / 0.0067 / 0.0064°
  wektor (największy wachlarz): ε = [-1.0e-05, -1.0e-05, -1.0e-05, -1.0e-05, +1.0e-05], φ = [+0.0020, +0.0020, +0.0020, +0.0020, -0.0020]°; model zastępczy: wachlarz 0.134° (nominalnie 0.120°), min iloczyn portów 0.335
    pełny model, C1: wyjścia -0.068 / -0.037 / -0.007 / +0.023 / +0.066°; wejścia 19.9987 / 21.9990 / 23.9993 / 25.9995 / 28.0003° wewn.; K1 tak (stożek 0.552 / 0.248 / 0.186 / 0.188 / 0.253); rel 0.5 / C 0.5: 97 (3×39); rel 0.3 / C 0.5: 97 (3×39); abs 0.1 / C 0.5: 95 (3×36); abs 0.1 / C 0.3: 132 (4×36); rel 0.5 / C 0.3: 138 (4×39); abs 0.1 / C 0.15: 162 (5×36)
    pełny model, C0: wyjścia -0.066 / -0.036 / -0.006 / +0.024 / +0.066°; wejścia 20.0000 / 22.0000 / 24.0000 / 26.0000 / 28.0000° wewn.; K1 tak (stożek 0.551 / 0.251 / 0.188 / 0.190 / 0.252); rel 0.5 / C 0.5: 97 (3×39); rel 0.3 / C 0.5: 97 (3×39); abs 0.1 / C 0.5: 95 (3×36); abs 0.1 / C 0.3: 134 (4×36); rel 0.5 / C 0.3: 138 (4×39); abs 0.1 / C 0.15: 164 (5×36)
  wektor (najmniejsza transmisja portów): ε = [+1.0e-05, +1.0e-05, +1.0e-05, -1.0e-05, -1.0e-05], φ = [-0.0020, -0.0020, -0.0020, +0.0020, +0.0020]°; model zastępczy: wachlarz 0.106° (nominalnie 0.120°), min iloczyn portów 0.212
    pełny model, C1: wyjścia -0.052 / -0.023 / +0.007 / +0.023 / +0.054°; wejścia 20.0013 / 22.0009 / 24.0007 / 25.9995 / 27.9997° wewn.; K1 tak (stożek 0.552 / 0.246 / 0.181 / 0.123 / 0.164); rel 0.5 / C 0.5: 91 (3×39); rel 0.3 / C 0.5: 91 (3×40); abs 0.1 / C 0.5: 46 (3×18); abs 0.1 / C 0.3: 60 (4×18); rel 0.5 / C 0.3: 136 (4×40); abs 0.1 / C 0.15: 68 (5×18)
    pełny model, C0: wyjścia -0.054 / -0.024 / +0.006 / +0.024 / +0.054°; wejścia 20.0000 / 22.0000 / 24.0000 / 26.0000 / 28.0000° wewn.; K1 tak (stożek 0.552 / 0.244 / 0.178 / 0.125 / 0.165); rel 0.5 / C 0.5: 88 (3×39); rel 0.3 / C 0.5: 88 (3×40); abs 0.1 / C 0.5: 48 (3×19); abs 0.1 / C 0.3: 64 (4×19); rel 0.5 / C 0.3: 136 (4×40); abs 0.1 / C 0.15: 73 (5×19)

budżet |ε| ≤ 2e-05, |φ| ≤ 0.005° (każda warstwa niezależnie); przesunięcie wyjścia U_j = 0.0173 / 0.0163 / 0.0156 / 0.0149 / 0.0144°
  wektor (największy wachlarz): ε = [-2.0e-05, -2.0e-05, -2.0e-05, -2.0e-05, +2.0e-05], φ = [+0.0050, +0.0050, +0.0050, +0.0050, -0.0050]°; model zastępczy: wachlarz 0.152° (nominalnie 0.120°), min iloczyn portów 0.340
    pełny model, C1: wyjścia -0.077 / -0.046 / -0.016 / +0.015 / +0.074°; wejścia 19.9985 / 21.9991 / 23.9996 / 26.0000 / 27.9996° wewn.; K1 tak (stożek 0.552 / 0.250 / 0.188 / 0.190 / 0.322); rel 0.5 / C 0.5: 92 (3×39); rel 0.3 / C 0.5: 92 (3×39); abs 0.1 / C 0.5: 91 (3×36); abs 0.1 / C 0.3: 136 (4×36); rel 0.5 / C 0.3: 134 (4×39); abs 0.1 / C 0.15: 162 (5×36)
    pełny model, C0: wyjścia -0.075 / -0.045 / -0.015 / +0.015 / +0.075°; wejścia 20.0000 / 22.0000 / 24.0000 / 26.0000 / 28.0000° wewn.; K1 tak (stożek 0.551 / 0.252 / 0.189 / 0.190 / 0.323); rel 0.5 / C 0.5: 93 (3×39); rel 0.3 / C 0.5: 93 (3×39); abs 0.1 / C 0.5: 91 (3×36); abs 0.1 / C 0.3: 134 (4×36); rel 0.5 / C 0.3: 134 (4×39); abs 0.1 / C 0.15: 162 (5×36)
  wektor (najmniejsza transmisja portów): ε = [+2.0e-05, +2.0e-05, +2.0e-05, -2.0e-05, -2.0e-05], φ = [-0.0050, -0.0050, -0.0050, +0.0050, +0.0050]°; model zastępczy: wachlarz 0.088° (nominalnie 0.120°), min iloczyn portów 0.128
    pełny model, C1: wyjścia -0.043 / -0.014 / +0.016 / +0.015 / +0.046°; wejścia 20.0015 / 22.0009 / 24.0004 / 26.0000 / 28.0004° wewn.; K1 NIE (stożek 0.552 / 0.245 / 0.178 / 0.071 / 0.119); rel 0.5 / C 0.5: 81 (3×40); rel 0.3 / C 0.5: 81 (3×40); abs 0.1 / C 0.5: 0 (0×0); abs 0.1 / C 0.3: 0 (0×0); rel 0.5 / C 0.3: 138 (4×40); abs 0.1 / C 0.15: 0 (0×0)
    pełny model, C0: wyjścia -0.045 / -0.015 / +0.015 / +0.015 / +0.045°; wejścia 20.0000 / 22.0000 / 24.0000 / 26.0000 / 28.0000° wewn.; K1 NIE (stożek 0.552 / 0.243 / 0.177 / 0.071 / 0.118); rel 0.5 / C 0.5: 82 (3×40); rel 0.3 / C 0.5: 82 (3×40); abs 0.1 / C 0.5: 0 (0×0); abs 0.1 / C 0.3: 0 (0×0); rel 0.5 / C 0.3: 138 (4×40); abs 0.1 / C 0.15: 0 (0×0)

budżet |ε| ≤ 5e-05, |φ| ≤ 0.01° (każda warstwa niezależnie); przesunięcie wyjścia U_j = 0.0394 / 0.0371 / 0.0352 / 0.0336 / 0.0322°
  wektor (największy wachlarz): ε = [-5.0e-05, -5.0e-05, -5.0e-05, -5.0e-05, +5.0e-05], φ = [+0.0100, +0.0100, +0.0100, +0.0100, -0.0100]°; model zastępczy: wachlarz 0.192° (nominalnie 0.120°), min iloczyn portów 0.355
    pełny model, C1: wyjścia -0.099 / -0.067 / -0.035 / -0.004 / +0.092°; wejścia 19.9937 / 21.9952 / 23.9965 / 25.9976 / 28.0015° wewn.; K1 tak (stożek 0.552 / 0.253 / 0.196 / 0.198 / 0.406); rel 0.5 / C 0.5: 85 (3×38); rel 0.3 / C 0.5: 85 (3×38); abs 0.1 / C 0.5: 85 (3×37); abs 0.1 / C 0.3: 134 (4×37); rel 0.5 / C 0.3: 134 (4×39); abs 0.1 / C 0.15: 142 (4×37)
    pełny model, C0: wyjścia -0.091 / -0.061 / -0.030 / -0.000 / +0.090°; wejścia 20.0000 / 22.0000 / 24.0000 / 26.0000 / 28.0000° wewn.; K1 tak (stożek 0.545 / 0.264 / 0.208 / 0.206 / 0.405); rel 0.5 / C 0.5: 81 (3×38); rel 0.3 / C 0.5: 81 (3×38); abs 0.1 / C 0.5: 81 (3×38); abs 0.1 / C 0.3: 140 (4×39); rel 0.5 / C 0.3: 134 (4×39); abs 0.1 / C 0.15: 148 (4×39)
  wektor (najmniejsza transmisja portów): ε = [+5.0e-05, +5.0e-05, +5.0e-05, +0.0e+00, -5.0e-05], φ = [-0.0100, -0.0100, -0.0100, -0.0000, +0.0100]°; model zastępczy: wachlarz 0.056° (nominalnie 0.120°), min iloczyn portów 0.043
    pełny model, C1: wyjścia -0.021 / +0.007 / +0.035 / +0.030 / +0.028°; wejścia 20.0063 / 22.0047 / 24.0035 / 26.0000 / 27.9985° wewn.; K1 NIE (stożek 0.551 / 0.241 / 0.171 / 0.059 / 0.023); rel 0.5 / C 0.5: 151 (5×40); rel 0.3 / C 0.5: 151 (5×40); abs 0.1 / C 0.5: 0 (0×0); abs 0.1 / C 0.3: 0 (0×0); rel 0.5 / C 0.3: 206 (6×40); abs 0.1 / C 0.15: 0 (0×0)
    pełny model, C0: wyjścia -0.029 / +0.001 / +0.030 / +0.030 / +0.030°; wejścia 20.0000 / 22.0000 / 24.0000 / 26.0000 / 28.0000° wewn.; K1 NIE (stożek 0.547 / 0.230 / 0.159 / 0.059 / 0.024); rel 0.5 / C 0.5: 147 (5×40); rel 0.3 / C 0.5: 148 (5×40); abs 0.1 / C 0.5: 0 (0×0); abs 0.1 / C 0.3: 0 (0×0); rel 0.5 / C 0.3: 206 (6×40); abs 0.1 / C 0.15: 0 (0×0)

== Błędy wykonania: konfiguracja L = 0,85 mm, odstępy wyjść [0.04, 0.04, 0.04, 0.04]° (nominalnie 90 woksli na warstwę, rel 0.5 / C 0.5) ==
współczynniki C1: wyjście x [°] na ε = 10⁻⁵: +0.0049 / +0.0044 / +0.0040 / +0.0037 / +0.0034; na φ = 0,001°: -0.0015 / -0.0015 / -0.0015 / -0.0015 / -0.0015
Model zastępczy do wyboru wektora: po C1 błąd warstwy j przesuwa jej wyjście (i okrąg Bragga portu) o u_j = a_ε,j·ε_j + a_φ,j·φ_j ∈ [−U_j, U_j], U_j = |a_ε,j|·ε0 + |a_φ,j|·φ0; przeszukanie u_j ∈ {−U, −U/2, 0, U/2, U}⁵; porty T_eff(s_k − s_j) z widmem wiązki. Wybrane wektory sprawdzone pełnym modelem siatek (K' z błędami: rezonans, η, faza, porty, wachlarz, łatki).

budżet |ε| ≤ 1e-05, |φ| ≤ 0.002° (każda warstwa niezależnie); przesunięcie wyjścia U_j = 0.0079 / 0.0074 / 0.0070 / 0.0067 / 0.0064°
  wektor (największy wachlarz): ε = [-1.0e-05, -1.0e-05, -1.0e-05, -1.0e-05, +1.0e-05], φ = [+0.0020, +0.0020, +0.0020, +0.0020, -0.0020]°; model zastępczy: wachlarz 0.174° (nominalnie 0.160°), min iloczyn portów 0.464
    pełny model, C1: wyjścia -0.088 / -0.047 / -0.007 / +0.033 / +0.086°; wejścia 19.9987 / 21.9990 / 23.9993 / 25.9995 / 28.0003° wewn.; K1 tak (stożek 0.552 / 0.279 / 0.249 / 0.252 / 0.310); rel 0.5 / C 0.5: 85 (3×38); rel 0.3 / C 0.5: 85 (3×38); abs 0.1 / C 0.5: 85 (3×38); abs 0.1 / C 0.3: 150 (4×43); rel 0.5 / C 0.3: 130 (4×39); abs 0.1 / C 0.15: 164 (4×43)
    pełny model, C0: wyjścia -0.086 / -0.046 / -0.006 / +0.034 / +0.086°; wejścia 20.0000 / 22.0000 / 24.0000 / 26.0000 / 28.0000° wewn.; K1 tak (stożek 0.551 / 0.282 / 0.251 / 0.254 / 0.309); rel 0.5 / C 0.5: 86 (3×38); rel 0.3 / C 0.5: 86 (3×38); abs 0.1 / C 0.5: 86 (3×38); abs 0.1 / C 0.3: 150 (4×44); rel 0.5 / C 0.3: 132 (4×39); abs 0.1 / C 0.15: 166 (4×44)
  wektor (najmniejsza transmisja portów): ε = [+1.0e-05, +1.0e-05, -1.0e-05, -1.0e-05, -1.0e-05], φ = [-0.0020, -0.0020, +0.0020, +0.0020, +0.0020]°; model zastępczy: wachlarz 0.146° (nominalnie 0.160°), min iloczyn portów 0.332
    pełny model, C1: wyjścia -0.072 / -0.033 / -0.007 / +0.033 / +0.074°; wejścia 20.0013 / 22.0010 / 23.9993 / 25.9995 / 27.9997° wewn.; K1 tak (stożek 0.552 / 0.276 / 0.181 / 0.231 / 0.250); rel 0.5 / C 0.5: 94 (3×39); rel 0.3 / C 0.5: 94 (3×39); abs 0.1 / C 0.5: 91 (3×35); abs 0.1 / C 0.3: 132 (4×35); rel 0.5 / C 0.3: 136 (4×39); abs 0.1 / C 0.15: 160 (5×35)
    pełny model, C0: wyjścia -0.074 / -0.034 / -0.006 / +0.034 / +0.074°; wejścia 20.0000 / 22.0000 / 24.0000 / 26.0000 / 28.0000° wewn.; K1 tak (stożek 0.552 / 0.273 / 0.183 / 0.233 / 0.251); rel 0.5 / C 0.5: 94 (3×39); rel 0.3 / C 0.5: 94 (3×39); abs 0.1 / C 0.5: 91 (3×35); abs 0.1 / C 0.3: 132 (4×35); rel 0.5 / C 0.3: 134 (4×39); abs 0.1 / C 0.15: 163 (5×35)

budżet |ε| ≤ 2e-05, |φ| ≤ 0.005° (każda warstwa niezależnie); przesunięcie wyjścia U_j = 0.0173 / 0.0164 / 0.0156 / 0.0149 / 0.0144°
  wektor (największy wachlarz): ε = [-2.0e-05, -2.0e-05, -2.0e-05, -2.0e-05, +2.0e-05], φ = [+0.0050, +0.0050, +0.0050, +0.0050, -0.0050]°; model zastępczy: wachlarz 0.192° (nominalnie 0.160°), min iloczyn portów 0.469
    pełny model, C1: wyjścia -0.097 / -0.056 / -0.016 / +0.025 / +0.094°; wejścia 19.9985 / 21.9991 / 23.9996 / 26.0000 / 27.9996° wewn.; K1 tak (stożek 0.552 / 0.280 / 0.251 / 0.254 / 0.367); rel 0.5 / C 0.5: 77 (3×38); rel 0.3 / C 0.5: 77 (3×38); abs 0.1 / C 0.5: 77 (3×38); abs 0.1 / C 0.3: 144 (4×44); rel 0.5 / C 0.3: 122 (4×38); abs 0.1 / C 0.15: 164 (4×44)
    pełny model, C0: wyjścia -0.095 / -0.055 / -0.015 / +0.025 / +0.095°; wejścia 20.0000 / 22.0000 / 24.0000 / 26.0000 / 28.0000° wewn.; K1 tak (stożek 0.551 / 0.283 / 0.253 / 0.254 / 0.368); rel 0.5 / C 0.5: 77 (3×38); rel 0.3 / C 0.5: 77 (3×38); abs 0.1 / C 0.5: 77 (3×38); abs 0.1 / C 0.3: 144 (4×44); rel 0.5 / C 0.3: 122 (4×39); abs 0.1 / C 0.15: 166 (4×44)
  wektor (najmniejsza transmisja portów): ε = [+2.0e-05, +2.0e-05, +2.0e-05, -2.0e-05, -2.0e-05], φ = [-0.0050, -0.0050, -0.0050, +0.0050, +0.0050]°; model zastępczy: wachlarz 0.128° (nominalnie 0.160°), min iloczyn portów 0.230
    pełny model, C1: wyjścia -0.063 / -0.024 / +0.016 / +0.025 / +0.066°; wejścia 20.0015 / 22.0009 / 24.0004 / 26.0000 / 28.0004° wewn.; K1 tak (stożek 0.552 / 0.274 / 0.241 / 0.123 / 0.202); rel 0.5 / C 0.5: 92 (3×39); rel 0.3 / C 0.5: 92 (3×39); abs 0.1 / C 0.5: 45 (3×18); abs 0.1 / C 0.3: 60 (4×18); rel 0.5 / C 0.3: 138 (4×39); abs 0.1 / C 0.15: 68 (5×18)
    pełny model, C0: wyjścia -0.065 / -0.025 / +0.015 / +0.025 / +0.065°; wejścia 20.0000 / 22.0000 / 24.0000 / 26.0000 / 28.0000° wewn.; K1 tak (stożek 0.552 / 0.272 / 0.240 / 0.123 / 0.201); rel 0.5 / C 0.5: 91 (3×39); rel 0.3 / C 0.5: 91 (3×39); abs 0.1 / C 0.5: 45 (3×18); abs 0.1 / C 0.3: 60 (4×18); rel 0.5 / C 0.3: 138 (4×39); abs 0.1 / C 0.15: 68 (5×18)

budżet |ε| ≤ 5e-05, |φ| ≤ 0.01° (każda warstwa niezależnie); przesunięcie wyjścia U_j = 0.0394 / 0.0371 / 0.0352 / 0.0336 / 0.0322°
  wektor (największy wachlarz): ε = [-5.0e-05, -5.0e-05, -5.0e-05, -5.0e-05, +5.0e-05], φ = [+0.0100, +0.0100, +0.0100, +0.0100, -0.0100]°; model zastępczy: wachlarz 0.232° (nominalnie 0.160°), min iloczyn portów 0.485
    pełny model, C1: wyjścia -0.119 / -0.077 / -0.035 / +0.006 / +0.112°; wejścia 19.9937 / 21.9952 / 23.9965 / 25.9976 / 28.0015° wewn.; K1 tak (stożek 0.552 / 0.285 / 0.258 / 0.259 / 0.419); rel 0.5 / C 0.5: 64 (3×37); rel 0.3 / C 0.5: 64 (3×37); abs 0.1 / C 0.5: 64 (3×37); abs 0.1 / C 0.3: 128 (3×44); rel 0.5 / C 0.3: 102 (3×38); abs 0.1 / C 0.15: 166 (4×44)
    pełny model, C0: wyjścia -0.111 / -0.071 / -0.030 / +0.010 / +0.110°; wejścia 20.0000 / 22.0000 / 24.0000 / 26.0000 / 28.0000° wewn.; K1 tak (stożek 0.545 / 0.298 / 0.271 / 0.266 / 0.419); rel 0.5 / C 0.5: 67 (3×37); rel 0.3 / C 0.5: 67 (3×37); abs 0.1 / C 0.5: 67 (3×37); abs 0.1 / C 0.3: 131 (4×45); rel 0.5 / C 0.3: 102 (4×38); abs 0.1 / C 0.15: 170 (4×45)
  wektor (najmniejsza transmisja portów): ε = [+5.0e-05, +5.0e-05, +0.0e+00, -5.0e-05, -5.0e-05], φ = [-0.0100, -0.0100, -0.0000, +0.0100, +0.0100]°; model zastępczy: wachlarz 0.088° (nominalnie 0.160°), min iloczyn portów 0.095
    pełny model, C1: wyjścia -0.041 / -0.003 / +0.000 / +0.006 / +0.048°; wejścia 20.0063 / 22.0047 / 24.0000 / 25.9976 / 27.9985° wewn.; K1 NIE (stożek 0.552 / 0.270 / 0.110 / 0.054 / 0.161); rel 0.5 / C 0.5: 85 (3×40); rel 0.3 / C 0.5: 85 (3×40); abs 0.1 / C 0.5: 0 (0×0); abs 0.1 / C 0.3: 0 (0×0); rel 0.5 / C 0.3: 119 (4×40); abs 0.1 / C 0.15: 0 (0×0)
    pełny model, C0: wyjścia -0.049 / -0.009 / -0.000 / +0.010 / +0.050°; wejścia 20.0000 / 22.0000 / 24.0000 / 26.0000 / 28.0000° wewn.; K1 NIE (stożek 0.547 / 0.255 / 0.110 / 0.056 / 0.167); rel 0.5 / C 0.5: 77 (3×40); rel 0.3 / C 0.5: 77 (3×40); abs 0.1 / C 0.5: 0 (0×0); abs 0.1 / C 0.3: 0 (0×0); rel 0.5 / C 0.3: 108 (4×40); abs 0.1 / C 0.15: 0 (0×0)
